C51 COMPILER V9.57.0.0   MAIN                                                              05/31/2018 15:56:47 PAGE 1   


C51 COMPILER V9.57.0.0, COMPILATION OF MODULE MAIN
OBJECT MODULE PLACED IN .\Objects\main.obj
COMPILER INVOKED BY: D:\pro\keil5\core\C51\BIN\C51.EXE source\main.c LARGE OPTIMIZE(9,SPEED) BROWSE INCDIR(.\include) DE
                    -BUG OBJECTEXTEND PRINT(.\Listings\main.lst) TABS(2) OBJECT(.\Objects\main.obj)

line level    source

   1          // Source: main.h 
   2          // File Name: main.h
   3          // Author: hg
   4          // Date:2018年5月24日
   5          
   6          #define MAIN_C_
   7          
   8          #include "main.h"
   9          
  10          /* define variables */
  11          uint16 count;
  12          
  13          
  14          
  15          
  16          
  17          
  18          void main()
  19          {
  20   1        Lcm_Init();
  21   1        
  22   1        
  23   1        Init_TIME0();
  24   1        Init_TIME1();
  25   1        
  26   1        Init_USART();
  27   1        
  28   1        Display_Start();
  29   1        
  30   1        EA=1;//总中断
  31   1        
  32   1        while(1)
  33   1        {
  34   2          Display_Menu1_Screen();//主显示界面
  35   2          Display_Menu2_Screen();//显示设置界面
  36   2        }
  37   1      }
  38          
  39          void Timer0() interrupt 1
  40          {
  41   1        Interrupt_Init0();
  42   1        if (count-- == 0)               //1ms * 1000 -> 1s
  43   1        {
  44   2          count = 1000;               //reset counter
  45   2          Led_Change();
  46   2        }
  47   1      }
  48          void Usart() interrupt 4
  49          {
  50   1          if(ReceiveServicePacket())    
  51   1          {
  52   2              //数据包长度正确则执行以下代码
  53   2              Deal_UART_RecData();            
  54   2          }
C51 COMPILER V9.57.0.0   MAIN                                                              05/31/2018 15:56:47 PAGE 2   

  55   1          else
  56   1          {
  57   2              //数据包长度错误则执行以下代码 
  58   2              //SetLcdData(Title,1);  
  59   2          }
  60   1          RI=0;  //接收并处理一次数据后把接收中断标志清除一下，拒绝响应在中断接收忙的时候发来的请求  
  61   1      }


MODULE INFORMATION:   STATIC OVERLAYABLE
   CODE SIZE        =    177    ----
   CONSTANT SIZE    =   ----    ----
   XDATA SIZE       =      2    ----
   PDATA SIZE       =   ----    ----
   DATA SIZE        =   ----    ----
   IDATA SIZE       =   ----    ----
   BIT SIZE         =   ----    ----
END OF MODULE INFORMATION.


C51 COMPILATION COMPLETE.  0 WARNING(S),  0 ERROR(S)
